   805134323

 MYSTRAN Version 19.0.0   JUN 28 2026 MYSTRAN developed by Dr Bill Case
*** Please report any problems to mystransolver@gmail.com ***                                                                                                                                                                                                   

 >> MYSTRAN BEGIN  :  8/ 5/2026 at 13:43:23.666 The input file is wtTowerModal.dat                                                                                                                                                                                                                                                


 >> LINK  0 BEGIN

 *INFORMATION: MAT1 ENTRY        1 HAD FIELD FOR G  BLANK. MYSTRAN CALCULATED G  =  8.076923E+10
 *INFORMATION: NUMBER OF GRID's (INCL SPOINT's) FOR ANY ELEMENT IN THIS MODEL IS     <=            2
 *INFORMATION: NUMBER OF DOF's  FOR ANY ELEMENT IN THIS MODEL IS                     <=           12

 *INFORMATION: SPARSE MATRICES ARE STORED IN NONSYM FORMAT

 *INFORMATION: ARRAY KEG                             IS NOT IN THE LIST OF NAMES IN ARRAY "ALLOCATED_ARRAY_DATA" SO THAT SUBR,
               ALLOCATED_MEMORY                CANNOT CALC DATA FOR ARRAY "ALLOCATED_ARRAY_MEM".
               THIS IS NOT A PROBLEM WITH THIS RUN, ONLY SOMETHING NEEDING ATTENTION BY THE AUTHOR
 *INFORMATION: ARRAY OFFDIS_O                        IS NOT IN THE LIST OF NAMES IN ARRAY "ALLOCATED_ARRAY_DATA" SO THAT SUBR,
               ALLOCATED_MEMORY                CANNOT CALC DATA FOR ARRAY "ALLOCATED_ARRAY_MEM".
               THIS IS NOT A PROBLEM WITH THIS RUN, ONLY SOMETHING NEEDING ATTENTION BY THE AUTHOR
 *INFORMATION: ARRAY OFFDIS_B                        IS NOT IN THE LIST OF NAMES IN ARRAY "ALLOCATED_ARRAY_DATA" SO THAT SUBR,
               ALLOCATED_MEMORY                CANNOT CALC DATA FOR ARRAY "ALLOCATED_ARRAY_MEM".
               THIS IS NOT A PROBLEM WITH THIS RUN, ONLY SOMETHING NEEDING ATTENTION BY THE AUTHOR
 *INFORMATION: ARRAY OFFDIS_G                        IS NOT IN THE LIST OF NAMES IN ARRAY "ALLOCATED_ARRAY_DATA" SO THAT SUBR,
               ALLOCATED_MEMORY                CANNOT CALC DATA FOR ARRAY "ALLOCATED_ARRAY_MEM".
               THIS IS NOT A PROBLEM WITH THIS RUN, ONLY SOMETHING NEEDING ATTENTION BY THE AUTHOR
 *INFORMATION: NUMBER OF GRID POINTS                                                  =           11
 *INFORMATION: NUMBER OF G SET DEGREES OF FREEDOM (NDOFG)                             =           66

 *INFORMATION: TOTAL NUMBER OF ELEMENTS (NELE)                                        =           10

 *INFORMATION: ARRAY KEG                             IS NOT IN THE LIST OF NAMES IN ARRAY "ALLOCATED_ARRAY_DATA" SO THAT SUBR,
               ALLOCATED_MEMORY                CANNOT CALC DATA FOR ARRAY "ALLOCATED_ARRAY_MEM".
               THIS IS NOT A PROBLEM WITH THIS RUN, ONLY SOMETHING NEEDING ATTENTION BY THE AUTHOR
 *INFORMATION: ARRAY OFFDIS_O                        IS NOT IN THE LIST OF NAMES IN ARRAY "ALLOCATED_ARRAY_DATA" SO THAT SUBR,
               ALLOCATED_MEMORY                CANNOT CALC DATA FOR ARRAY "ALLOCATED_ARRAY_MEM".
               THIS IS NOT A PROBLEM WITH THIS RUN, ONLY SOMETHING NEEDING ATTENTION BY THE AUTHOR
 *INFORMATION: ARRAY OFFDIS_B                        IS NOT IN THE LIST OF NAMES IN ARRAY "ALLOCATED_ARRAY_DATA" SO THAT SUBR,
               ALLOCATED_MEMORY                CANNOT CALC DATA FOR ARRAY "ALLOCATED_ARRAY_MEM".
               THIS IS NOT A PROBLEM WITH THIS RUN, ONLY SOMETHING NEEDING ATTENTION BY THE AUTHOR
 *INFORMATION: ARRAY OFFDIS_G                        IS NOT IN THE LIST OF NAMES IN ARRAY "ALLOCATED_ARRAY_DATA" SO THAT SUBR,
               ALLOCATED_MEMORY                CANNOT CALC DATA FOR ARRAY "ALLOCATED_ARRAY_MEM".
               THIS IS NOT A PROBLEM WITH THIS RUN, ONLY SOMETHING NEEDING ATTENTION BY THE AUTHOR

 >> LINK  1 BEGIN

 *INFORMATION: ARRAY KEG                             IS NOT IN THE LIST OF NAMES IN ARRAY "ALLOCATED_ARRAY_DATA" SO THAT SUBR,
               ALLOCATED_MEMORY                CANNOT CALC DATA FOR ARRAY "ALLOCATED_ARRAY_MEM".
               THIS IS NOT A PROBLEM WITH THIS RUN, ONLY SOMETHING NEEDING ATTENTION BY THE AUTHOR
 *INFORMATION: ARRAY OFFDIS_O                        IS NOT IN THE LIST OF NAMES IN ARRAY "ALLOCATED_ARRAY_DATA" SO THAT SUBR,
               ALLOCATED_MEMORY                CANNOT CALC DATA FOR ARRAY "ALLOCATED_ARRAY_MEM".
               THIS IS NOT A PROBLEM WITH THIS RUN, ONLY SOMETHING NEEDING ATTENTION BY THE AUTHOR
 *INFORMATION: ARRAY OFFDIS_B                        IS NOT IN THE LIST OF NAMES IN ARRAY "ALLOCATED_ARRAY_DATA" SO THAT SUBR,
               ALLOCATED_MEMORY                CANNOT CALC DATA FOR ARRAY "ALLOCATED_ARRAY_MEM".
               THIS IS NOT A PROBLEM WITH THIS RUN, ONLY SOMETHING NEEDING ATTENTION BY THE AUTHOR
 *INFORMATION: ARRAY OFFDIS_G                        IS NOT IN THE LIST OF NAMES IN ARRAY "ALLOCATED_ARRAY_DATA" SO THAT SUBR,
               ALLOCATED_MEMORY                CANNOT CALC DATA FOR ARRAY "ALLOCATED_ARRAY_MEM".
               THIS IS NOT A PROBLEM WITH THIS RUN, ONLY SOMETHING NEEDING ATTENTION BY THE AUTHOR
 *INFORMATION: IN EMPO_0: ESTIMATE OF NUMBER OF NONZEROS IN MASS MATRIX MGGE IS       =         1440 BASED ON PARAM SETLKTM =   0
 *INFORMATION: NUMBER OF NONZERO TERMS IN THE MGGE MASS MATRIX (ELEMS) IS             =           33

 *INFORMATION: NUMBER OF NONZERO TERMS IN THE MGG MASS MATRIX (ELEMS + CONM) IS       =           33

 *INFORMATION: MAX NUMBER OF NONZERO TERMS IN A ROW OF THE G-SET MASS MATRIX          =            1

 *INFORMATION: IN ESPO_0: ESTIMATE OF NUMBER OF NONZEROS IN STIFF MATRIX KGG IS       =         1440 BASED ON PARAM SETLKTK =   0
               ALLOCATED    2.64E-04 MB MEMORY TO   ARRAY STFKEY
               ALLOCATED    2.30E-02 MB MEMORY TO   ARRAY STF3
               ALLOCATED    2.30E-02 MB MEMORY TO   ARRAY STF3
 *INFORMATION: NUMBER OF NONZERO TERMS IN THE KGG STIFFNESS MATRIX IS                 =          310

 *INFORMATION: MAX NUMBER OF NONZERO TERMS IN A ROW OF THE G-SET STIFFNESS MATRIX     =            6

 *INFORMATION: ARRAY KEG                             IS NOT IN THE LIST OF NAMES IN ARRAY "ALLOCATED_ARRAY_DATA" SO THAT SUBR,
               ALLOCATED_MEMORY                CANNOT CALC DATA FOR ARRAY "ALLOCATED_ARRAY_MEM".
               THIS IS NOT A PROBLEM WITH THIS RUN, ONLY SOMETHING NEEDING ATTENTION BY THE AUTHOR
 *INFORMATION: ARRAY OFFDIS_O                        IS NOT IN THE LIST OF NAMES IN ARRAY "ALLOCATED_ARRAY_DATA" SO THAT SUBR,
               ALLOCATED_MEMORY                CANNOT CALC DATA FOR ARRAY "ALLOCATED_ARRAY_MEM".
               THIS IS NOT A PROBLEM WITH THIS RUN, ONLY SOMETHING NEEDING ATTENTION BY THE AUTHOR
 *INFORMATION: ARRAY OFFDIS_B                        IS NOT IN THE LIST OF NAMES IN ARRAY "ALLOCATED_ARRAY_DATA" SO THAT SUBR,
               ALLOCATED_MEMORY                CANNOT CALC DATA FOR ARRAY "ALLOCATED_ARRAY_MEM".
               THIS IS NOT A PROBLEM WITH THIS RUN, ONLY SOMETHING NEEDING ATTENTION BY THE AUTHOR
 *INFORMATION: ARRAY OFFDIS_G                        IS NOT IN THE LIST OF NAMES IN ARRAY "ALLOCATED_ARRAY_DATA" SO THAT SUBR,
               ALLOCATED_MEMORY                CANNOT CALC DATA FOR ARRAY "ALLOCATED_ARRAY_MEM".
               THIS IS NOT A PROBLEM WITH THIS RUN, ONLY SOMETHING NEEDING ATTENTION BY THE AUTHOR

 >> LINK  2 BEGIN

 *INFORMATION: ARRAY KAAD   IS NOT IN THE LIST OF NAMES IN ARRAY "ALLOCATED_ARRAY_DATA" SO THAT SUBR,
               ALLOCATED_MEMORY                CANNOT CALC DATA FOR ARRAY "ALLOCATED_ARRAY_MEM".
               THIS IS NOT A PROBLEM WITH THIS RUN, ONLY SOMETHING NEEDING ATTENTION BY THE AUTHOR
 *INFORMATION: ARRAY KAOD   IS NOT IN THE LIST OF NAMES IN ARRAY "ALLOCATED_ARRAY_DATA" SO THAT SUBR,
               ALLOCATED_MEMORY                CANNOT CALC DATA FOR ARRAY "ALLOCATED_ARRAY_MEM".
               THIS IS NOT A PROBLEM WITH THIS RUN, ONLY SOMETHING NEEDING ATTENTION BY THE AUTHOR
 *INFORMATION: ARRAY KFFD   IS NOT IN THE LIST OF NAMES IN ARRAY "ALLOCATED_ARRAY_DATA" SO THAT SUBR,
               ALLOCATED_MEMORY                CANNOT CALC DATA FOR ARRAY "ALLOCATED_ARRAY_MEM".
               THIS IS NOT A PROBLEM WITH THIS RUN, ONLY SOMETHING NEEDING ATTENTION BY THE AUTHOR
 *INFORMATION: ARRAY KFSD   IS NOT IN THE LIST OF NAMES IN ARRAY "ALLOCATED_ARRAY_DATA" SO THAT SUBR,
               ALLOCATED_MEMORY                CANNOT CALC DATA FOR ARRAY "ALLOCATED_ARRAY_MEM".
               THIS IS NOT A PROBLEM WITH THIS RUN, ONLY SOMETHING NEEDING ATTENTION BY THE AUTHOR
 *INFORMATION: ARRAY KFSDe  IS NOT IN THE LIST OF NAMES IN ARRAY "ALLOCATED_ARRAY_DATA" SO THAT SUBR,
               ALLOCATED_MEMORY                CANNOT CALC DATA FOR ARRAY "ALLOCATED_ARRAY_MEM".
               THIS IS NOT A PROBLEM WITH THIS RUN, ONLY SOMETHING NEEDING ATTENTION BY THE AUTHOR
 *INFORMATION: ARRAY KLLD   IS NOT IN THE LIST OF NAMES IN ARRAY "ALLOCATED_ARRAY_DATA" SO THAT SUBR,
               ALLOCATED_MEMORY                CANNOT CALC DATA FOR ARRAY "ALLOCATED_ARRAY_MEM".
               THIS IS NOT A PROBLEM WITH THIS RUN, ONLY SOMETHING NEEDING ATTENTION BY THE AUTHOR
 *INFORMATION: ARRAY KLLDn  IS NOT IN THE LIST OF NAMES IN ARRAY "ALLOCATED_ARRAY_DATA" SO THAT SUBR,
               ALLOCATED_MEMORY                CANNOT CALC DATA FOR ARRAY "ALLOCATED_ARRAY_MEM".
               THIS IS NOT A PROBLEM WITH THIS RUN, ONLY SOMETHING NEEDING ATTENTION BY THE AUTHOR
 *INFORMATION: ARRAY KMMD   IS NOT IN THE LIST OF NAMES IN ARRAY "ALLOCATED_ARRAY_DATA" SO THAT SUBR,
               ALLOCATED_MEMORY                CANNOT CALC DATA FOR ARRAY "ALLOCATED_ARRAY_MEM".
               THIS IS NOT A PROBLEM WITH THIS RUN, ONLY SOMETHING NEEDING ATTENTION BY THE AUTHOR
 *INFORMATION: ARRAY KMND   IS NOT IN THE LIST OF NAMES IN ARRAY "ALLOCATED_ARRAY_DATA" SO THAT SUBR,
               ALLOCATED_MEMORY                CANNOT CALC DATA FOR ARRAY "ALLOCATED_ARRAY_MEM".
               THIS IS NOT A PROBLEM WITH THIS RUN, ONLY SOMETHING NEEDING ATTENTION BY THE AUTHOR
 *INFORMATION: ARRAY KNMD   IS NOT IN THE LIST OF NAMES IN ARRAY "ALLOCATED_ARRAY_DATA" SO THAT SUBR,
               ALLOCATED_MEMORY                CANNOT CALC DATA FOR ARRAY "ALLOCATED_ARRAY_MEM".
               THIS IS NOT A PROBLEM WITH THIS RUN, ONLY SOMETHING NEEDING ATTENTION BY THE AUTHOR
 *INFORMATION: ARRAY KNND   IS NOT IN THE LIST OF NAMES IN ARRAY "ALLOCATED_ARRAY_DATA" SO THAT SUBR,
               ALLOCATED_MEMORY                CANNOT CALC DATA FOR ARRAY "ALLOCATED_ARRAY_MEM".
               THIS IS NOT A PROBLEM WITH THIS RUN, ONLY SOMETHING NEEDING ATTENTION BY THE AUTHOR
 *INFORMATION: ARRAY KOOD   IS NOT IN THE LIST OF NAMES IN ARRAY "ALLOCATED_ARRAY_DATA" SO THAT SUBR,
               ALLOCATED_MEMORY                CANNOT CALC DATA FOR ARRAY "ALLOCATED_ARRAY_MEM".
               THIS IS NOT A PROBLEM WITH THIS RUN, ONLY SOMETHING NEEDING ATTENTION BY THE AUTHOR
 *INFORMATION: ARRAY KOODs  IS NOT IN THE LIST OF NAMES IN ARRAY "ALLOCATED_ARRAY_DATA" SO THAT SUBR,
               ALLOCATED_MEMORY                CANNOT CALC DATA FOR ARRAY "ALLOCATED_ARRAY_MEM".
               THIS IS NOT A PROBLEM WITH THIS RUN, ONLY SOMETHING NEEDING ATTENTION BY THE AUTHOR
 *INFORMATION: ARRAY KRLD   IS NOT IN THE LIST OF NAMES IN ARRAY "ALLOCATED_ARRAY_DATA" SO THAT SUBR,
               ALLOCATED_MEMORY                CANNOT CALC DATA FOR ARRAY "ALLOCATED_ARRAY_MEM".
               THIS IS NOT A PROBLEM WITH THIS RUN, ONLY SOMETHING NEEDING ATTENTION BY THE AUTHOR
 *INFORMATION: ARRAY KRRD   IS NOT IN THE LIST OF NAMES IN ARRAY "ALLOCATED_ARRAY_DATA" SO THAT SUBR,
               ALLOCATED_MEMORY                CANNOT CALC DATA FOR ARRAY "ALLOCATED_ARRAY_MEM".
               THIS IS NOT A PROBLEM WITH THIS RUN, ONLY SOMETHING NEEDING ATTENTION BY THE AUTHOR
 *INFORMATION: ARRAY KSSD   IS NOT IN THE LIST OF NAMES IN ARRAY "ALLOCATED_ARRAY_DATA" SO THAT SUBR,
               ALLOCATED_MEMORY                CANNOT CALC DATA FOR ARRAY "ALLOCATED_ARRAY_MEM".
               THIS IS NOT A PROBLEM WITH THIS RUN, ONLY SOMETHING NEEDING ATTENTION BY THE AUTHOR
 *INFORMATION: ARRAY KSSDe  IS NOT IN THE LIST OF NAMES IN ARRAY "ALLOCATED_ARRAY_DATA" SO THAT SUBR,
               ALLOCATED_MEMORY                CANNOT CALC DATA FOR ARRAY "ALLOCATED_ARRAY_MEM".
               THIS IS NOT A PROBLEM WITH THIS RUN, ONLY SOMETHING NEEDING ATTENTION BY THE AUTHOR
 *INFORMATION: ARRAY PHIXG  IS NOT IN THE LIST OF NAMES IN ARRAY "ALLOCATED_ARRAY_DATA" SO THAT SUBR,
               ALLOCATED_MEMORY                CANNOT CALC DATA FOR ARRAY "ALLOCATED_ARRAY_MEM".
               THIS IS NOT A PROBLEM WITH THIS RUN, ONLY SOMETHING NEEDING ATTENTION BY THE AUTHOR
 *INFORMATION: BASED ON PARAMETER AUTOSPC_NSET =  1 MYSTRAN IS CHECKING KNN TO SEE IF THERE ARE NULL ROWS THAT SHOULD BE AUTOSPC'd

 *INFORMATION: MYSTRAN FOUND NO N-SET DOF's THAT WERE SINGULAR AND THAT WERE NOT ALREADY MEMBERS OF THE S-SET

 *INFORMATION: NUMBER OF  M SET DEGREES OF FREEDOM (NDOFM)                            =            0
 *INFORMATION: NUMBER OF  N SET DEGREES OF FREEDOM (NDOFN)                            =           66
 *INFORMATION: NUMBER OF  S SET DEGREES OF FREEDOM (NDOFS)                            =            6
 *INFORMATION: NUMBER OF SA SET DEGREES OF FREEDOM (NDOFSA)                           =            0
 *INFORMATION: NUMBER OF  F SET DEGREES OF FREEDOM (NDOFF)                            =           60
 *INFORMATION: NUMBER OF  O SET DEGREES OF FREEDOM (NDOFO)                            =            0
 *INFORMATION: NUMBER OF  A SET DEGREES OF FREEDOM (NDOFA)                            =           60
 *INFORMATION: NUMBER OF  R SET DEGREES OF FREEDOM (NDOFR)                            =            0
 *INFORMATION: NUMBER OF  L SET DEGREES OF FREEDOM (NDOFL)                            =           60

 *INFORMATION: NUMBER OF NONZERO TERMS IN THE KLL STIFFNESS MATRIX IS                 =          280

 *INFORMATION: NUMBER OF NONZERO TERMS IN THE MLL MASS MATRIX IS                      =           30

 *INFORMATION: NUMBER OF NONZERO TERMS IN THE PL LOAD MATRIX IS                       =            0

 *INFORMATION: ARRAY KAAD   IS NOT IN THE LIST OF NAMES IN ARRAY "ALLOCATED_ARRAY_DATA" SO THAT SUBR,
               ALLOCATED_MEMORY                CANNOT CALC DATA FOR ARRAY "ALLOCATED_ARRAY_MEM".
               THIS IS NOT A PROBLEM WITH THIS RUN, ONLY SOMETHING NEEDING ATTENTION BY THE AUTHOR
 *INFORMATION: ARRAY KAOD   IS NOT IN THE LIST OF NAMES IN ARRAY "ALLOCATED_ARRAY_DATA" SO THAT SUBR,
               ALLOCATED_MEMORY                CANNOT CALC DATA FOR ARRAY "ALLOCATED_ARRAY_MEM".
               THIS IS NOT A PROBLEM WITH THIS RUN, ONLY SOMETHING NEEDING ATTENTION BY THE AUTHOR
 *INFORMATION: ARRAY KFFD   IS NOT IN THE LIST OF NAMES IN ARRAY "ALLOCATED_ARRAY_DATA" SO THAT SUBR,
               ALLOCATED_MEMORY                CANNOT CALC DATA FOR ARRAY "ALLOCATED_ARRAY_MEM".
               THIS IS NOT A PROBLEM WITH THIS RUN, ONLY SOMETHING NEEDING ATTENTION BY THE AUTHOR
 *INFORMATION: ARRAY KFSD   IS NOT IN THE LIST OF NAMES IN ARRAY "ALLOCATED_ARRAY_DATA" SO THAT SUBR,
               ALLOCATED_MEMORY                CANNOT CALC DATA FOR ARRAY "ALLOCATED_ARRAY_MEM".
               THIS IS NOT A PROBLEM WITH THIS RUN, ONLY SOMETHING NEEDING ATTENTION BY THE AUTHOR
 *INFORMATION: ARRAY KFSDe  IS NOT IN THE LIST OF NAMES IN ARRAY "ALLOCATED_ARRAY_DATA" SO THAT SUBR,
               ALLOCATED_MEMORY                CANNOT CALC DATA FOR ARRAY "ALLOCATED_ARRAY_MEM".
               THIS IS NOT A PROBLEM WITH THIS RUN, ONLY SOMETHING NEEDING ATTENTION BY THE AUTHOR
 *INFORMATION: ARRAY KLLD   IS NOT IN THE LIST OF NAMES IN ARRAY "ALLOCATED_ARRAY_DATA" SO THAT SUBR,
               ALLOCATED_MEMORY                CANNOT CALC DATA FOR ARRAY "ALLOCATED_ARRAY_MEM".
               THIS IS NOT A PROBLEM WITH THIS RUN, ONLY SOMETHING NEEDING ATTENTION BY THE AUTHOR
 *INFORMATION: ARRAY KLLDn  IS NOT IN THE LIST OF NAMES IN ARRAY "ALLOCATED_ARRAY_DATA" SO THAT SUBR,
               ALLOCATED_MEMORY                CANNOT CALC DATA FOR ARRAY "ALLOCATED_ARRAY_MEM".
               THIS IS NOT A PROBLEM WITH THIS RUN, ONLY SOMETHING NEEDING ATTENTION BY THE AUTHOR
 *INFORMATION: ARRAY KMMD   IS NOT IN THE LIST OF NAMES IN ARRAY "ALLOCATED_ARRAY_DATA" SO THAT SUBR,
               ALLOCATED_MEMORY                CANNOT CALC DATA FOR ARRAY "ALLOCATED_ARRAY_MEM".
               THIS IS NOT A PROBLEM WITH THIS RUN, ONLY SOMETHING NEEDING ATTENTION BY THE AUTHOR
 *INFORMATION: ARRAY KMND   IS NOT IN THE LIST OF NAMES IN ARRAY "ALLOCATED_ARRAY_DATA" SO THAT SUBR,
               ALLOCATED_MEMORY                CANNOT CALC DATA FOR ARRAY "ALLOCATED_ARRAY_MEM".
               THIS IS NOT A PROBLEM WITH THIS RUN, ONLY SOMETHING NEEDING ATTENTION BY THE AUTHOR
 *INFORMATION: ARRAY KNMD   IS NOT IN THE LIST OF NAMES IN ARRAY "ALLOCATED_ARRAY_DATA" SO THAT SUBR,
               ALLOCATED_MEMORY                CANNOT CALC DATA FOR ARRAY "ALLOCATED_ARRAY_MEM".
               THIS IS NOT A PROBLEM WITH THIS RUN, ONLY SOMETHING NEEDING ATTENTION BY THE AUTHOR
 *INFORMATION: ARRAY KNND   IS NOT IN THE LIST OF NAMES IN ARRAY "ALLOCATED_ARRAY_DATA" SO THAT SUBR,
               ALLOCATED_MEMORY                CANNOT CALC DATA FOR ARRAY "ALLOCATED_ARRAY_MEM".
               THIS IS NOT A PROBLEM WITH THIS RUN, ONLY SOMETHING NEEDING ATTENTION BY THE AUTHOR
 *INFORMATION: ARRAY KOOD   IS NOT IN THE LIST OF NAMES IN ARRAY "ALLOCATED_ARRAY_DATA" SO THAT SUBR,
               ALLOCATED_MEMORY                CANNOT CALC DATA FOR ARRAY "ALLOCATED_ARRAY_MEM".
               THIS IS NOT A PROBLEM WITH THIS RUN, ONLY SOMETHING NEEDING ATTENTION BY THE AUTHOR
 *INFORMATION: ARRAY KOODs  IS NOT IN THE LIST OF NAMES IN ARRAY "ALLOCATED_ARRAY_DATA" SO THAT SUBR,
               ALLOCATED_MEMORY                CANNOT CALC DATA FOR ARRAY "ALLOCATED_ARRAY_MEM".
               THIS IS NOT A PROBLEM WITH THIS RUN, ONLY SOMETHING NEEDING ATTENTION BY THE AUTHOR
 *INFORMATION: ARRAY KRLD   IS NOT IN THE LIST OF NAMES IN ARRAY "ALLOCATED_ARRAY_DATA" SO THAT SUBR,
               ALLOCATED_MEMORY                CANNOT CALC DATA FOR ARRAY "ALLOCATED_ARRAY_MEM".
               THIS IS NOT A PROBLEM WITH THIS RUN, ONLY SOMETHING NEEDING ATTENTION BY THE AUTHOR
 *INFORMATION: ARRAY KRRD   IS NOT IN THE LIST OF NAMES IN ARRAY "ALLOCATED_ARRAY_DATA" SO THAT SUBR,
               ALLOCATED_MEMORY                CANNOT CALC DATA FOR ARRAY "ALLOCATED_ARRAY_MEM".
               THIS IS NOT A PROBLEM WITH THIS RUN, ONLY SOMETHING NEEDING ATTENTION BY THE AUTHOR
 *INFORMATION: ARRAY KSSD   IS NOT IN THE LIST OF NAMES IN ARRAY "ALLOCATED_ARRAY_DATA" SO THAT SUBR,
               ALLOCATED_MEMORY                CANNOT CALC DATA FOR ARRAY "ALLOCATED_ARRAY_MEM".
               THIS IS NOT A PROBLEM WITH THIS RUN, ONLY SOMETHING NEEDING ATTENTION BY THE AUTHOR
 *INFORMATION: ARRAY KSSDe  IS NOT IN THE LIST OF NAMES IN ARRAY "ALLOCATED_ARRAY_DATA" SO THAT SUBR,
               ALLOCATED_MEMORY                CANNOT CALC DATA FOR ARRAY "ALLOCATED_ARRAY_MEM".
               THIS IS NOT A PROBLEM WITH THIS RUN, ONLY SOMETHING NEEDING ATTENTION BY THE AUTHOR
 *INFORMATION: ARRAY PHIXG  IS NOT IN THE LIST OF NAMES IN ARRAY "ALLOCATED_ARRAY_DATA" SO THAT SUBR,
               ALLOCATED_MEMORY                CANNOT CALC DATA FOR ARRAY "ALLOCATED_ARRAY_MEM".
               THIS IS NOT A PROBLEM WITH THIS RUN, ONLY SOMETHING NEEDING ATTENTION BY THE AUTHOR
 *INFORMATION: ARRAY KGGD   IS NOT IN THE LIST OF NAMES IN ARRAY "ALLOCATED_ARRAY_DATA" SO THAT SUBR,
               ALLOCATED_MEMORY                CANNOT CALC DATA FOR ARRAY "ALLOCATED_ARRAY_MEM".
               THIS IS NOT A PROBLEM WITH THIS RUN, ONLY SOMETHING NEEDING ATTENTION BY THE AUTHOR

 >> LINK  4 BEGIN

 *INFORMATION: NUMBER OF SUPERDIAGONALS IN THE KMSM = [KLL - sigma*MLL] MATRIX UPPER TRIANGLE IS      =           10

 *WARNING    : THE L-SET MASS MATRIX HAS ONLY       30 NONZEROS ON ITS DIAGONAL. THERE ARE NO MORE FINITE EIGENVALUES BEYOND THIS NUMBER
               (NOTE: USE OF BULK DATA PARAM ART_MASS WITH SMALL VALUE MAY ALLOW MGIV TO FIND MORE EIGENVALUES)
 *INFORMATION: THE ACTUAL NUMBER OF ARNOLDI UPDATE ITERATIONS TAKEN IN THE SOLUTION FOR THE EIGENVALUES WAS =        0

 >> LINK  5 BEGIN

 *INFORMATION: EIGENVECTORS WERE NORMALIZED TO MASS IN LINK4

 *INFORMATION: ARRAY UG_T123_MAT IS NOT IN THE LIST OF NAMES IN ARRAY "ALLOCATED_ARRAY_DATA" SO THAT SUBR,
               ALLOCATED_MEMORY                CANNOT CALC DATA FOR ARRAY "ALLOCATED_ARRAY_MEM".
               THIS IS NOT A PROBLEM WITH THIS RUN, ONLY SOMETHING NEEDING ATTENTION BY THE AUTHOR
 *INFORMATION: ARRAY UG_T123_MAT IS NOT IN THE LIST OF NAMES IN ARRAY "ALLOCATED_ARRAY_DATA" SO THAT SUBR,
               ALLOCATED_MEMORY                CANNOT CALC DATA FOR ARRAY "ALLOCATED_ARRAY_MEM".
               THIS IS NOT A PROBLEM WITH THIS RUN, ONLY SOMETHING NEEDING ATTENTION BY THE AUTHOR
 *INFORMATION: ARRAY UG_T123_MAT IS NOT IN THE LIST OF NAMES IN ARRAY "ALLOCATED_ARRAY_DATA" SO THAT SUBR,
               ALLOCATED_MEMORY                CANNOT CALC DATA FOR ARRAY "ALLOCATED_ARRAY_MEM".
               THIS IS NOT A PROBLEM WITH THIS RUN, ONLY SOMETHING NEEDING ATTENTION BY THE AUTHOR
 *INFORMATION: ARRAY UG_T123_MAT IS NOT IN THE LIST OF NAMES IN ARRAY "ALLOCATED_ARRAY_DATA" SO THAT SUBR,
               ALLOCATED_MEMORY                CANNOT CALC DATA FOR ARRAY "ALLOCATED_ARRAY_MEM".
               THIS IS NOT A PROBLEM WITH THIS RUN, ONLY SOMETHING NEEDING ATTENTION BY THE AUTHOR
 *INFORMATION: ARRAY UG_T123_MAT IS NOT IN THE LIST OF NAMES IN ARRAY "ALLOCATED_ARRAY_DATA" SO THAT SUBR,
               ALLOCATED_MEMORY                CANNOT CALC DATA FOR ARRAY "ALLOCATED_ARRAY_MEM".
               THIS IS NOT A PROBLEM WITH THIS RUN, ONLY SOMETHING NEEDING ATTENTION BY THE AUTHOR
 *INFORMATION: ARRAY UG_T123_MAT IS NOT IN THE LIST OF NAMES IN ARRAY "ALLOCATED_ARRAY_DATA" SO THAT SUBR,
               ALLOCATED_MEMORY                CANNOT CALC DATA FOR ARRAY "ALLOCATED_ARRAY_MEM".
               THIS IS NOT A PROBLEM WITH THIS RUN, ONLY SOMETHING NEEDING ATTENTION BY THE AUTHOR
 *INFORMATION: ARRAY UG_T123_MAT IS NOT IN THE LIST OF NAMES IN ARRAY "ALLOCATED_ARRAY_DATA" SO THAT SUBR,
               ALLOCATED_MEMORY                CANNOT CALC DATA FOR ARRAY "ALLOCATED_ARRAY_MEM".
               THIS IS NOT A PROBLEM WITH THIS RUN, ONLY SOMETHING NEEDING ATTENTION BY THE AUTHOR
 *INFORMATION: ARRAY UG_T123_MAT IS NOT IN THE LIST OF NAMES IN ARRAY "ALLOCATED_ARRAY_DATA" SO THAT SUBR,
               ALLOCATED_MEMORY                CANNOT CALC DATA FOR ARRAY "ALLOCATED_ARRAY_MEM".
               THIS IS NOT A PROBLEM WITH THIS RUN, ONLY SOMETHING NEEDING ATTENTION BY THE AUTHOR
 *INFORMATION: ARRAY UG_T123_MAT IS NOT IN THE LIST OF NAMES IN ARRAY "ALLOCATED_ARRAY_DATA" SO THAT SUBR,
               ALLOCATED_MEMORY                CANNOT CALC DATA FOR ARRAY "ALLOCATED_ARRAY_MEM".
               THIS IS NOT A PROBLEM WITH THIS RUN, ONLY SOMETHING NEEDING ATTENTION BY THE AUTHOR
 *INFORMATION: ARRAY UG_T123_MAT IS NOT IN THE LIST OF NAMES IN ARRAY "ALLOCATED_ARRAY_DATA" SO THAT SUBR,
               ALLOCATED_MEMORY                CANNOT CALC DATA FOR ARRAY "ALLOCATED_ARRAY_MEM".
               THIS IS NOT A PROBLEM WITH THIS RUN, ONLY SOMETHING NEEDING ATTENTION BY THE AUTHOR
 *INFORMATION: ARRAY UG_T123_MAT IS NOT IN THE LIST OF NAMES IN ARRAY "ALLOCATED_ARRAY_DATA" SO THAT SUBR,
               ALLOCATED_MEMORY                CANNOT CALC DATA FOR ARRAY "ALLOCATED_ARRAY_MEM".
               THIS IS NOT A PROBLEM WITH THIS RUN, ONLY SOMETHING NEEDING ATTENTION BY THE AUTHOR

 >> LINK  9 BEGIN

 *INFORMATION: ARRAY KEG                             IS NOT IN THE LIST OF NAMES IN ARRAY "ALLOCATED_ARRAY_DATA" SO THAT SUBR,
               ALLOCATED_MEMORY                CANNOT CALC DATA FOR ARRAY "ALLOCATED_ARRAY_MEM".
               THIS IS NOT A PROBLEM WITH THIS RUN, ONLY SOMETHING NEEDING ATTENTION BY THE AUTHOR
 *INFORMATION: ARRAY OFFDIS_O                        IS NOT IN THE LIST OF NAMES IN ARRAY "ALLOCATED_ARRAY_DATA" SO THAT SUBR,
               ALLOCATED_MEMORY                CANNOT CALC DATA FOR ARRAY "ALLOCATED_ARRAY_MEM".
               THIS IS NOT A PROBLEM WITH THIS RUN, ONLY SOMETHING NEEDING ATTENTION BY THE AUTHOR
 *INFORMATION: ARRAY OFFDIS_B                        IS NOT IN THE LIST OF NAMES IN ARRAY "ALLOCATED_ARRAY_DATA" SO THAT SUBR,
               ALLOCATED_MEMORY                CANNOT CALC DATA FOR ARRAY "ALLOCATED_ARRAY_MEM".
               THIS IS NOT A PROBLEM WITH THIS RUN, ONLY SOMETHING NEEDING ATTENTION BY THE AUTHOR
 *INFORMATION: ARRAY OFFDIS_G                        IS NOT IN THE LIST OF NAMES IN ARRAY "ALLOCATED_ARRAY_DATA" SO THAT SUBR,
               ALLOCATED_MEMORY                CANNOT CALC DATA FOR ARRAY "ALLOCATED_ARRAY_MEM".
               THIS IS NOT A PROBLEM WITH THIS RUN, ONLY SOMETHING NEEDING ATTENTION BY THE AUTHOR
 *DEBUG:    RUNNING=OFP1 - disp, accel and applied force output
 *DEBUG:      WHAT=DISP; NGRID      11; NREQ=      11; SC_OUT_REQ=       1
 *DEBUG:       WRITE WRITE_TABLE_HEADER; TABLE_NAME=OUGV1   
 *DEBUG:       WRITE ITABLE; ITABLE=      -3
 *DEBUG:       WRITE ITABLE; ITABLE=      -4
*DEBUG:    NUM=      11; NVALUES=      88; NTOTAL=     352
 *DEBUG:       END_OP2_TABLE; ITABLE=      -5
 *DEBUG:    RUNNING=OFP2 - SPC and MPC force
 *DEBUG:    RUNNING=OFP2 - SPC
 *DEBUG:    ITABLE BAD=  -1
 *INFORMATION: ARRAY KEG                             IS NOT IN THE LIST OF NAMES IN ARRAY "ALLOCATED_ARRAY_DATA" SO THAT SUBR,
               ALLOCATED_MEMORY                CANNOT CALC DATA FOR ARRAY "ALLOCATED_ARRAY_MEM".
               THIS IS NOT A PROBLEM WITH THIS RUN, ONLY SOMETHING NEEDING ATTENTION BY THE AUTHOR
 *INFORMATION: ARRAY OFFDIS_O                        IS NOT IN THE LIST OF NAMES IN ARRAY "ALLOCATED_ARRAY_DATA" SO THAT SUBR,
               ALLOCATED_MEMORY                CANNOT CALC DATA FOR ARRAY "ALLOCATED_ARRAY_MEM".
               THIS IS NOT A PROBLEM WITH THIS RUN, ONLY SOMETHING NEEDING ATTENTION BY THE AUTHOR
 *INFORMATION: ARRAY OFFDIS_B                        IS NOT IN THE LIST OF NAMES IN ARRAY "ALLOCATED_ARRAY_DATA" SO THAT SUBR,
               ALLOCATED_MEMORY                CANNOT CALC DATA FOR ARRAY "ALLOCATED_ARRAY_MEM".
               THIS IS NOT A PROBLEM WITH THIS RUN, ONLY SOMETHING NEEDING ATTENTION BY THE AUTHOR
 *INFORMATION: ARRAY OFFDIS_G                        IS NOT IN THE LIST OF NAMES IN ARRAY "ALLOCATED_ARRAY_DATA" SO THAT SUBR,
               ALLOCATED_MEMORY                CANNOT CALC DATA FOR ARRAY "ALLOCATED_ARRAY_MEM".
               THIS IS NOT A PROBLEM WITH THIS RUN, ONLY SOMETHING NEEDING ATTENTION BY THE AUTHOR
 *INFORMATION: ARRAY KEG                             IS NOT IN THE LIST OF NAMES IN ARRAY "ALLOCATED_ARRAY_DATA" SO THAT SUBR,
               ALLOCATED_MEMORY                CANNOT CALC DATA FOR ARRAY "ALLOCATED_ARRAY_MEM".
               THIS IS NOT A PROBLEM WITH THIS RUN, ONLY SOMETHING NEEDING ATTENTION BY THE AUTHOR
 *INFORMATION: ARRAY OFFDIS_O                        IS NOT IN THE LIST OF NAMES IN ARRAY "ALLOCATED_ARRAY_DATA" SO THAT SUBR,
               ALLOCATED_MEMORY                CANNOT CALC DATA FOR ARRAY "ALLOCATED_ARRAY_MEM".
               THIS IS NOT A PROBLEM WITH THIS RUN, ONLY SOMETHING NEEDING ATTENTION BY THE AUTHOR
 *INFORMATION: ARRAY OFFDIS_B                        IS NOT IN THE LIST OF NAMES IN ARRAY "ALLOCATED_ARRAY_DATA" SO THAT SUBR,
               ALLOCATED_MEMORY                CANNOT CALC DATA FOR ARRAY "ALLOCATED_ARRAY_MEM".
               THIS IS NOT A PROBLEM WITH THIS RUN, ONLY SOMETHING NEEDING ATTENTION BY THE AUTHOR
 *INFORMATION: ARRAY OFFDIS_G                        IS NOT IN THE LIST OF NAMES IN ARRAY "ALLOCATED_ARRAY_DATA" SO THAT SUBR,
               ALLOCATED_MEMORY                CANNOT CALC DATA FOR ARRAY "ALLOCATED_ARRAY_MEM".
               THIS IS NOT A PROBLEM WITH THIS RUN, ONLY SOMETHING NEEDING ATTENTION BY THE AUTHOR
 *DEBUG:    RUNNING=OFP1 - disp, accel and applied force output
 *DEBUG:      WHAT=DISP; NGRID      11; NREQ=      11; SC_OUT_REQ=       1
 *DEBUG:       WRITE WRITE_TABLE_HEADER; TABLE_NAME=OUGV1   
 *DEBUG:       WRITE ITABLE; ITABLE=      -3
 *DEBUG:       WRITE ITABLE; ITABLE=      -4
*DEBUG:    NUM=      11; NVALUES=      88; NTOTAL=     352
 *DEBUG:       END_OP2_TABLE; ITABLE=      -5
 *DEBUG:    RUNNING=OFP2 - SPC and MPC force
 *DEBUG:    RUNNING=OFP2 - SPC
 *DEBUG:    ITABLE BAD=  -1
 *INFORMATION: ARRAY KEG                             IS NOT IN THE LIST OF NAMES IN ARRAY "ALLOCATED_ARRAY_DATA" SO THAT SUBR,
               ALLOCATED_MEMORY                CANNOT CALC DATA FOR ARRAY "ALLOCATED_ARRAY_MEM".
               THIS IS NOT A PROBLEM WITH THIS RUN, ONLY SOMETHING NEEDING ATTENTION BY THE AUTHOR
 *INFORMATION: ARRAY OFFDIS_O                        IS NOT IN THE LIST OF NAMES IN ARRAY "ALLOCATED_ARRAY_DATA" SO THAT SUBR,
               ALLOCATED_MEMORY                CANNOT CALC DATA FOR ARRAY "ALLOCATED_ARRAY_MEM".
               THIS IS NOT A PROBLEM WITH THIS RUN, ONLY SOMETHING NEEDING ATTENTION BY THE AUTHOR
 *INFORMATION: ARRAY OFFDIS_B                        IS NOT IN THE LIST OF NAMES IN ARRAY "ALLOCATED_ARRAY_DATA" SO THAT SUBR,
               ALLOCATED_MEMORY                CANNOT CALC DATA FOR ARRAY "ALLOCATED_ARRAY_MEM".
               THIS IS NOT A PROBLEM WITH THIS RUN, ONLY SOMETHING NEEDING ATTENTION BY THE AUTHOR
 *INFORMATION: ARRAY OFFDIS_G                        IS NOT IN THE LIST OF NAMES IN ARRAY "ALLOCATED_ARRAY_DATA" SO THAT SUBR,
               ALLOCATED_MEMORY                CANNOT CALC DATA FOR ARRAY "ALLOCATED_ARRAY_MEM".
               THIS IS NOT A PROBLEM WITH THIS RUN, ONLY SOMETHING NEEDING ATTENTION BY THE AUTHOR
 *INFORMATION: ARRAY KEG                             IS NOT IN THE LIST OF NAMES IN ARRAY "ALLOCATED_ARRAY_DATA" SO THAT SUBR,
               ALLOCATED_MEMORY                CANNOT CALC DATA FOR ARRAY "ALLOCATED_ARRAY_MEM".
               THIS IS NOT A PROBLEM WITH THIS RUN, ONLY SOMETHING NEEDING ATTENTION BY THE AUTHOR
 *INFORMATION: ARRAY OFFDIS_O                        IS NOT IN THE LIST OF NAMES IN ARRAY "ALLOCATED_ARRAY_DATA" SO THAT SUBR,
               ALLOCATED_MEMORY                CANNOT CALC DATA FOR ARRAY "ALLOCATED_ARRAY_MEM".
               THIS IS NOT A PROBLEM WITH THIS RUN, ONLY SOMETHING NEEDING ATTENTION BY THE AUTHOR
 *INFORMATION: ARRAY OFFDIS_B                        IS NOT IN THE LIST OF NAMES IN ARRAY "ALLOCATED_ARRAY_DATA" SO THAT SUBR,
               ALLOCATED_MEMORY                CANNOT CALC DATA FOR ARRAY "ALLOCATED_ARRAY_MEM".
               THIS IS NOT A PROBLEM WITH THIS RUN, ONLY SOMETHING NEEDING ATTENTION BY THE AUTHOR
 *INFORMATION: ARRAY OFFDIS_G                        IS NOT IN THE LIST OF NAMES IN ARRAY "ALLOCATED_ARRAY_DATA" SO THAT SUBR,
               ALLOCATED_MEMORY                CANNOT CALC DATA FOR ARRAY "ALLOCATED_ARRAY_MEM".
               THIS IS NOT A PROBLEM WITH THIS RUN, ONLY SOMETHING NEEDING ATTENTION BY THE AUTHOR
 *DEBUG:    RUNNING=OFP1 - disp, accel and applied force output
 *DEBUG:      WHAT=DISP; NGRID      11; NREQ=      11; SC_OUT_REQ=       1
 *DEBUG:       WRITE WRITE_TABLE_HEADER; TABLE_NAME=OUGV1   
 *DEBUG:       WRITE ITABLE; ITABLE=      -3
 *DEBUG:       WRITE ITABLE; ITABLE=      -4
*DEBUG:    NUM=      11; NVALUES=      88; NTOTAL=     352
 *DEBUG:       END_OP2_TABLE; ITABLE=      -5
 *DEBUG:    RUNNING=OFP2 - SPC and MPC force
 *DEBUG:    RUNNING=OFP2 - SPC
 *DEBUG:    ITABLE BAD=  -1
 *INFORMATION: ARRAY KEG                             IS NOT IN THE LIST OF NAMES IN ARRAY "ALLOCATED_ARRAY_DATA" SO THAT SUBR,
               ALLOCATED_MEMORY                CANNOT CALC DATA FOR ARRAY "ALLOCATED_ARRAY_MEM".
               THIS IS NOT A PROBLEM WITH THIS RUN, ONLY SOMETHING NEEDING ATTENTION BY THE AUTHOR
 *INFORMATION: ARRAY OFFDIS_O                        IS NOT IN THE LIST OF NAMES IN ARRAY "ALLOCATED_ARRAY_DATA" SO THAT SUBR,
               ALLOCATED_MEMORY                CANNOT CALC DATA FOR ARRAY "ALLOCATED_ARRAY_MEM".
               THIS IS NOT A PROBLEM WITH THIS RUN, ONLY SOMETHING NEEDING ATTENTION BY THE AUTHOR
 *INFORMATION: ARRAY OFFDIS_B                        IS NOT IN THE LIST OF NAMES IN ARRAY "ALLOCATED_ARRAY_DATA" SO THAT SUBR,
               ALLOCATED_MEMORY                CANNOT CALC DATA FOR ARRAY "ALLOCATED_ARRAY_MEM".
               THIS IS NOT A PROBLEM WITH THIS RUN, ONLY SOMETHING NEEDING ATTENTION BY THE AUTHOR
 *INFORMATION: ARRAY OFFDIS_G                        IS NOT IN THE LIST OF NAMES IN ARRAY "ALLOCATED_ARRAY_DATA" SO THAT SUBR,
               ALLOCATED_MEMORY                CANNOT CALC DATA FOR ARRAY "ALLOCATED_ARRAY_MEM".
               THIS IS NOT A PROBLEM WITH THIS RUN, ONLY SOMETHING NEEDING ATTENTION BY THE AUTHOR
 *INFORMATION: ARRAY KEG                             IS NOT IN THE LIST OF NAMES IN ARRAY "ALLOCATED_ARRAY_DATA" SO THAT SUBR,
               ALLOCATED_MEMORY                CANNOT CALC DATA FOR ARRAY "ALLOCATED_ARRAY_MEM".
               THIS IS NOT A PROBLEM WITH THIS RUN, ONLY SOMETHING NEEDING ATTENTION BY THE AUTHOR
 *INFORMATION: ARRAY OFFDIS_O                        IS NOT IN THE LIST OF NAMES IN ARRAY "ALLOCATED_ARRAY_DATA" SO THAT SUBR,
               ALLOCATED_MEMORY                CANNOT CALC DATA FOR ARRAY "ALLOCATED_ARRAY_MEM".
               THIS IS NOT A PROBLEM WITH THIS RUN, ONLY SOMETHING NEEDING ATTENTION BY THE AUTHOR
 *INFORMATION: ARRAY OFFDIS_B                        IS NOT IN THE LIST OF NAMES IN ARRAY "ALLOCATED_ARRAY_DATA" SO THAT SUBR,
               ALLOCATED_MEMORY                CANNOT CALC DATA FOR ARRAY "ALLOCATED_ARRAY_MEM".
               THIS IS NOT A PROBLEM WITH THIS RUN, ONLY SOMETHING NEEDING ATTENTION BY THE AUTHOR
 *INFORMATION: ARRAY OFFDIS_G                        IS NOT IN THE LIST OF NAMES IN ARRAY "ALLOCATED_ARRAY_DATA" SO THAT SUBR,
               ALLOCATED_MEMORY                CANNOT CALC DATA FOR ARRAY "ALLOCATED_ARRAY_MEM".
               THIS IS NOT A PROBLEM WITH THIS RUN, ONLY SOMETHING NEEDING ATTENTION BY THE AUTHOR
 *DEBUG:    RUNNING=OFP1 - disp, accel and applied force output
 *DEBUG:      WHAT=DISP; NGRID      11; NREQ=      11; SC_OUT_REQ=       1
 *DEBUG:       WRITE WRITE_TABLE_HEADER; TABLE_NAME=OUGV1   
 *DEBUG:       WRITE ITABLE; ITABLE=      -3
 *DEBUG:       WRITE ITABLE; ITABLE=      -4
*DEBUG:    NUM=      11; NVALUES=      88; NTOTAL=     352
 *DEBUG:       END_OP2_TABLE; ITABLE=      -5
 *DEBUG:    RUNNING=OFP2 - SPC and MPC force
 *DEBUG:    RUNNING=OFP2 - SPC
 *DEBUG:    ITABLE BAD=  -1
 *INFORMATION: ARRAY KEG                             IS NOT IN THE LIST OF NAMES IN ARRAY "ALLOCATED_ARRAY_DATA" SO THAT SUBR,
               ALLOCATED_MEMORY                CANNOT CALC DATA FOR ARRAY "ALLOCATED_ARRAY_MEM".
               THIS IS NOT A PROBLEM WITH THIS RUN, ONLY SOMETHING NEEDING ATTENTION BY THE AUTHOR
 *INFORMATION: ARRAY OFFDIS_O                        IS NOT IN THE LIST OF NAMES IN ARRAY "ALLOCATED_ARRAY_DATA" SO THAT SUBR,
               ALLOCATED_MEMORY                CANNOT CALC DATA FOR ARRAY "ALLOCATED_ARRAY_MEM".
               THIS IS NOT A PROBLEM WITH THIS RUN, ONLY SOMETHING NEEDING ATTENTION BY THE AUTHOR
 *INFORMATION: ARRAY OFFDIS_B                        IS NOT IN THE LIST OF NAMES IN ARRAY "ALLOCATED_ARRAY_DATA" SO THAT SUBR,
               ALLOCATED_MEMORY                CANNOT CALC DATA FOR ARRAY "ALLOCATED_ARRAY_MEM".
               THIS IS NOT A PROBLEM WITH THIS RUN, ONLY SOMETHING NEEDING ATTENTION BY THE AUTHOR
 *INFORMATION: ARRAY OFFDIS_G                        IS NOT IN THE LIST OF NAMES IN ARRAY "ALLOCATED_ARRAY_DATA" SO THAT SUBR,
               ALLOCATED_MEMORY                CANNOT CALC DATA FOR ARRAY "ALLOCATED_ARRAY_MEM".
               THIS IS NOT A PROBLEM WITH THIS RUN, ONLY SOMETHING NEEDING ATTENTION BY THE AUTHOR
 *INFORMATION: ARRAY KEG                             IS NOT IN THE LIST OF NAMES IN ARRAY "ALLOCATED_ARRAY_DATA" SO THAT SUBR,
               ALLOCATED_MEMORY                CANNOT CALC DATA FOR ARRAY "ALLOCATED_ARRAY_MEM".
               THIS IS NOT A PROBLEM WITH THIS RUN, ONLY SOMETHING NEEDING ATTENTION BY THE AUTHOR
 *INFORMATION: ARRAY OFFDIS_O                        IS NOT IN THE LIST OF NAMES IN ARRAY "ALLOCATED_ARRAY_DATA" SO THAT SUBR,
               ALLOCATED_MEMORY                CANNOT CALC DATA FOR ARRAY "ALLOCATED_ARRAY_MEM".
               THIS IS NOT A PROBLEM WITH THIS RUN, ONLY SOMETHING NEEDING ATTENTION BY THE AUTHOR
 *INFORMATION: ARRAY OFFDIS_B                        IS NOT IN THE LIST OF NAMES IN ARRAY "ALLOCATED_ARRAY_DATA" SO THAT SUBR,
               ALLOCATED_MEMORY                CANNOT CALC DATA FOR ARRAY "ALLOCATED_ARRAY_MEM".
               THIS IS NOT A PROBLEM WITH THIS RUN, ONLY SOMETHING NEEDING ATTENTION BY THE AUTHOR
 *INFORMATION: ARRAY OFFDIS_G                        IS NOT IN THE LIST OF NAMES IN ARRAY "ALLOCATED_ARRAY_DATA" SO THAT SUBR,
               ALLOCATED_MEMORY                CANNOT CALC DATA FOR ARRAY "ALLOCATED_ARRAY_MEM".
               THIS IS NOT A PROBLEM WITH THIS RUN, ONLY SOMETHING NEEDING ATTENTION BY THE AUTHOR
 *DEBUG:    RUNNING=OFP1 - disp, accel and applied force output
 *DEBUG:      WHAT=DISP; NGRID      11; NREQ=      11; SC_OUT_REQ=       1
 *DEBUG:       WRITE WRITE_TABLE_HEADER; TABLE_NAME=OUGV1   
 *DEBUG:       WRITE ITABLE; ITABLE=      -3
 *DEBUG:       WRITE ITABLE; ITABLE=      -4
*DEBUG:    NUM=      11; NVALUES=      88; NTOTAL=     352
 *DEBUG:       END_OP2_TABLE; ITABLE=      -5
 *DEBUG:    RUNNING=OFP2 - SPC and MPC force
 *DEBUG:    RUNNING=OFP2 - SPC
 *DEBUG:    ITABLE BAD=  -1
 *INFORMATION: ARRAY KEG                             IS NOT IN THE LIST OF NAMES IN ARRAY "ALLOCATED_ARRAY_DATA" SO THAT SUBR,
               ALLOCATED_MEMORY                CANNOT CALC DATA FOR ARRAY "ALLOCATED_ARRAY_MEM".
               THIS IS NOT A PROBLEM WITH THIS RUN, ONLY SOMETHING NEEDING ATTENTION BY THE AUTHOR
 *INFORMATION: ARRAY OFFDIS_O                        IS NOT IN THE LIST OF NAMES IN ARRAY "ALLOCATED_ARRAY_DATA" SO THAT SUBR,
               ALLOCATED_MEMORY                CANNOT CALC DATA FOR ARRAY "ALLOCATED_ARRAY_MEM".
               THIS IS NOT A PROBLEM WITH THIS RUN, ONLY SOMETHING NEEDING ATTENTION BY THE AUTHOR
 *INFORMATION: ARRAY OFFDIS_B                        IS NOT IN THE LIST OF NAMES IN ARRAY "ALLOCATED_ARRAY_DATA" SO THAT SUBR,
               ALLOCATED_MEMORY                CANNOT CALC DATA FOR ARRAY "ALLOCATED_ARRAY_MEM".
               THIS IS NOT A PROBLEM WITH THIS RUN, ONLY SOMETHING NEEDING ATTENTION BY THE AUTHOR
 *INFORMATION: ARRAY OFFDIS_G                        IS NOT IN THE LIST OF NAMES IN ARRAY "ALLOCATED_ARRAY_DATA" SO THAT SUBR,
               ALLOCATED_MEMORY                CANNOT CALC DATA FOR ARRAY "ALLOCATED_ARRAY_MEM".
               THIS IS NOT A PROBLEM WITH THIS RUN, ONLY SOMETHING NEEDING ATTENTION BY THE AUTHOR
 *INFORMATION: ARRAY KEG                             IS NOT IN THE LIST OF NAMES IN ARRAY "ALLOCATED_ARRAY_DATA" SO THAT SUBR,
               ALLOCATED_MEMORY                CANNOT CALC DATA FOR ARRAY "ALLOCATED_ARRAY_MEM".
               THIS IS NOT A PROBLEM WITH THIS RUN, ONLY SOMETHING NEEDING ATTENTION BY THE AUTHOR
 *INFORMATION: ARRAY OFFDIS_O                        IS NOT IN THE LIST OF NAMES IN ARRAY "ALLOCATED_ARRAY_DATA" SO THAT SUBR,
               ALLOCATED_MEMORY                CANNOT CALC DATA FOR ARRAY "ALLOCATED_ARRAY_MEM".
               THIS IS NOT A PROBLEM WITH THIS RUN, ONLY SOMETHING NEEDING ATTENTION BY THE AUTHOR
 *INFORMATION: ARRAY OFFDIS_B                        IS NOT IN THE LIST OF NAMES IN ARRAY "ALLOCATED_ARRAY_DATA" SO THAT SUBR,
               ALLOCATED_MEMORY                CANNOT CALC DATA FOR ARRAY "ALLOCATED_ARRAY_MEM".
               THIS IS NOT A PROBLEM WITH THIS RUN, ONLY SOMETHING NEEDING ATTENTION BY THE AUTHOR
 *INFORMATION: ARRAY OFFDIS_G                        IS NOT IN THE LIST OF NAMES IN ARRAY "ALLOCATED_ARRAY_DATA" SO THAT SUBR,
               ALLOCATED_MEMORY                CANNOT CALC DATA FOR ARRAY "ALLOCATED_ARRAY_MEM".
               THIS IS NOT A PROBLEM WITH THIS RUN, ONLY SOMETHING NEEDING ATTENTION BY THE AUTHOR
 *DEBUG:    RUNNING=OFP1 - disp, accel and applied force output
 *DEBUG:      WHAT=DISP; NGRID      11; NREQ=      11; SC_OUT_REQ=       1
 *DEBUG:       WRITE WRITE_TABLE_HEADER; TABLE_NAME=OUGV1   
 *DEBUG:       WRITE ITABLE; ITABLE=      -3
 *DEBUG:       WRITE ITABLE; ITABLE=      -4
*DEBUG:    NUM=      11; NVALUES=      88; NTOTAL=     352
 *DEBUG:       END_OP2_TABLE; ITABLE=      -5
 *DEBUG:    RUNNING=OFP2 - SPC and MPC force
 *DEBUG:    RUNNING=OFP2 - SPC
 *DEBUG:    ITABLE BAD=  -1
 *INFORMATION: ARRAY KEG                             IS NOT IN THE LIST OF NAMES IN ARRAY "ALLOCATED_ARRAY_DATA" SO THAT SUBR,
               ALLOCATED_MEMORY                CANNOT CALC DATA FOR ARRAY "ALLOCATED_ARRAY_MEM".
               THIS IS NOT A PROBLEM WITH THIS RUN, ONLY SOMETHING NEEDING ATTENTION BY THE AUTHOR
 *INFORMATION: ARRAY OFFDIS_O                        IS NOT IN THE LIST OF NAMES IN ARRAY "ALLOCATED_ARRAY_DATA" SO THAT SUBR,
               ALLOCATED_MEMORY                CANNOT CALC DATA FOR ARRAY "ALLOCATED_ARRAY_MEM".
               THIS IS NOT A PROBLEM WITH THIS RUN, ONLY SOMETHING NEEDING ATTENTION BY THE AUTHOR
 *INFORMATION: ARRAY OFFDIS_B                        IS NOT IN THE LIST OF NAMES IN ARRAY "ALLOCATED_ARRAY_DATA" SO THAT SUBR,
               ALLOCATED_MEMORY                CANNOT CALC DATA FOR ARRAY "ALLOCATED_ARRAY_MEM".
               THIS IS NOT A PROBLEM WITH THIS RUN, ONLY SOMETHING NEEDING ATTENTION BY THE AUTHOR
 *INFORMATION: ARRAY OFFDIS_G                        IS NOT IN THE LIST OF NAMES IN ARRAY "ALLOCATED_ARRAY_DATA" SO THAT SUBR,
               ALLOCATED_MEMORY                CANNOT CALC DATA FOR ARRAY "ALLOCATED_ARRAY_MEM".
               THIS IS NOT A PROBLEM WITH THIS RUN, ONLY SOMETHING NEEDING ATTENTION BY THE AUTHOR

 >> MYSTRAN END    :  8/ 5/2026 at 13:43:23.765
 *DEBUG:       END_OP2_TABLES 
